Sun Feb 03 14:58:17 2019 UTC - Module file name: C:\Program Files (x86)\Dishonored 2\GameOverlayRenderer64.dll
Sun Feb 03 14:58:17 2019 UTC - GameID = 0
Sun Feb 03 14:58:17 2019 UTC - System page size: 4096
Sun Feb 03 14:58:17 2019 UTC - Warning: hook target starting at 0000000076D65AE0 begins with uncoditional 2-byte jump, skipping
Sun Feb 03 14:58:17 2019 UTC - Warning: hook target starting at 0000000076D65AC0 begins with uncoditional 2-byte jump, skipping
Sun Feb 03 14:58:17 2019 UTC - Hooking SetCursorPos, GetCursorPos, ShowCursor, and SetCursor
Sun Feb 03 14:58:17 2019 UTC - Aborting HookFunc because pHookFunctionAddr is null
Sun Feb 03 14:58:17 2019 UTC - Failed hooking RegisterDeviceNotificationA()
Sun Feb 03 14:58:17 2019 UTC - Aborting HookFunc because pHookFunctionAddr is null
Sun Feb 03 14:58:17 2019 UTC - Failed hooking RegisterDeviceNotificationW()
Sun Feb 03 14:58:17 2019 UTC - Aborting HookFunc because pHookFunctionAddr is null
Sun Feb 03 14:58:17 2019 UTC - Failed hooking UnregisterDeviceNotification()
Sun Feb 03 14:58:17 2019 UTC - Game is using dxgi (dx10/dx11), preparing to hook.
Sun Feb 03 14:58:17 2019 UTC - Game is using D3D9 or D3D9Ex, preparing to hook.
Sun Feb 03 14:58:17 2019 UTC - Game is using dinput8, preparing to hook.
Sun Feb 03 14:58:17 2019 UTC - XInput Hooked XInputGetCapabilities Version 10
Sun Feb 03 14:58:17 2019 UTC - XInput Hooked XInputGetDSoundAudioDeviceGuids Version 10
Sun Feb 03 14:58:17 2019 UTC - XInput Hooked XInputGetState Version 10
Sun Feb 03 14:58:17 2019 UTC - XInput Hooked XInputSetState Version 10
Sun Feb 03 14:58:17 2019 UTC - Modules at GameOverlayRenderer.dll attach
Sun Feb 03 14:58:17 2019 UTC - 01: Dishonored2.exe - (000000013FEB0000 to 00000001441CC000)
Sun Feb 03 14:58:17 2019 UTC - 02: ntdll.dll - (0000000076F70000 to 000000007710F000)
Sun Feb 03 14:58:17 2019 UTC - 03: kernel32.dll - (0000000076D50000 to 0000000076E6F000)
Sun Feb 03 14:58:17 2019 UTC - 04: KERNELBASE.dll - (000007FEFCEF0000 to 000007FEFCF5A000)
Sun Feb 03 14:58:17 2019 UTC - 05: bink2w64.dll - (000007FEF7BA0000 to 000007FEF7C03000)
Sun Feb 03 14:58:17 2019 UTC - 06: USER32.dll - (0000000076E70000 to 0000000076F6A000)
Sun Feb 03 14:58:17 2019 UTC - 07: GDI32.dll - (000007FEFE2A0000 to 000007FEFE307000)
Sun Feb 03 14:58:17 2019 UTC - 08: LPK.dll - (000007FEFE6F0000 to 000007FEFE6FE000)
Sun Feb 03 14:58:17 2019 UTC - 09: USP10.dll - (000007FEFE170000 to 000007FEFE23B000)
Sun Feb 03 14:58:17 2019 UTC - 10: msvcrt.dll - (000007FEFE970000 to 000007FEFEA0F000)
Sun Feb 03 14:58:17 2019 UTC - 11: WINMM.dll - (000007FEF9240000 to 000007FEF927B000)
Sun Feb 03 14:58:17 2019 UTC - 12: ole32.dll - (000007FEFE310000 to 000007FEFE50F000)
Sun Feb 03 14:58:17 2019 UTC - 13: RPCRT4.dll - (000007FEFEE60000 to 000007FEFEF8D000)
Sun Feb 03 14:58:17 2019 UTC - 14: WINHTTP.dll - (000007FEF8A80000 to 000007FEF8AF1000)
Sun Feb 03 14:58:17 2019 UTC - 15: webio.dll - (000007FEF8830000 to 000007FEF8895000)
Sun Feb 03 14:58:17 2019 UTC - 16: IPHLPAPI.DLL - (000007FEFA920000 to 000007FEFA947000)
Sun Feb 03 14:58:17 2019 UTC - 17: NSI.dll - (000007FEFE160000 to 000007FEFE168000)
Sun Feb 03 14:58:17 2019 UTC - 18: WINNSI.DLL - (000007FEFA8D0000 to 000007FEFA8DB000)
Sun Feb 03 14:58:17 2019 UTC - 19: SETUPAPI.dll - (000007FEFE510000 to 000007FEFE6E7000)
Sun Feb 03 14:58:17 2019 UTC - 20: CFGMGR32.dll - (000007FEFCEB0000 to 000007FEFCEE6000)
Sun Feb 03 14:58:17 2019 UTC - 21: ADVAPI32.dll - (000007FEFEB30000 to 000007FEFEC0B000)
Sun Feb 03 14:58:17 2019 UTC - 22: sechost.dll - (000007FEFEE40000 to 000007FEFEE5F000)
Sun Feb 03 14:58:17 2019 UTC - 23: OLEAUT32.dll - (000007FEFE890000 to 000007FEFE96A000)
Sun Feb 03 14:58:17 2019 UTC - 24: DEVOBJ.dll - (000007FEFD060000 to 000007FEFD07A000)
Sun Feb 03 14:58:17 2019 UTC - 25: d3d11.dll - (000007FEEABB0000 to 000007FEEAD85000)
Sun Feb 03 14:58:17 2019 UTC - 26: dxgi.dll - (000007FEF84B0000 to 000007FEF850D000)
Sun Feb 03 14:58:17 2019 UTC - 27: VERSION.dll - (000007FEFBC90000 to 000007FEFBC9C000)
Sun Feb 03 14:58:17 2019 UTC - 28: dwmapi.dll - (000007FEFAA10000 to 000007FEFAA28000)
Sun Feb 03 14:58:17 2019 UTC - 29: DINPUT8.dll - (000007FEF7B60000 to 000007FEF7B9C000)
Sun Feb 03 14:58:17 2019 UTC - 30: WSOCK32.dll - (000007FEF3030000 to 000007FEF3039000)
Sun Feb 03 14:58:17 2019 UTC - 31: WS2_32.dll - (000007FEFECE0000 to 000007FEFED2D000)
Sun Feb 03 14:58:17 2019 UTC - 32: XINPUT9_1_0.dll - (000007FEF9E00000 to 000007FEF9E0C000)
Sun Feb 03 14:58:17 2019 UTC - 33: dbghelp.dll - (000007FEF6C30000 to 000007FEF6D55000)
Sun Feb 03 14:58:17 2019 UTC - 34: amd_ags_x64.dll - (000007FEF7040000 to 000007FEF7061000)
Sun Feb 03 14:58:17 2019 UTC - 35: SHELL32.dll - (000007FEFD170000 to 000007FEFDEFA000)
Sun Feb 03 14:58:17 2019 UTC - 36: SHLWAPI.dll - (000007FEFEAB0000 to 000007FEFEB21000)
Sun Feb 03 14:58:17 2019 UTC - 37: steam_api64.dll - (00000000743B0000 to 00000000743EE000)
Sun Feb 03 14:58:17 2019 UTC - 38: CODEX64.DLL - (000007FEF6090000 to 000007FEF60F7000)
Sun Feb 03 14:58:17 2019 UTC - 39: GameOverlayRenderer64.dll - (000007FEEAA20000 to 000007FEEABA5000)
Sun Feb 03 14:58:17 2019 UTC - 40: IMM32.dll - (000007FEFEC10000 to 000007FEFEC3E000)
Sun Feb 03 14:58:17 2019 UTC - 41: MSCTF.dll - (000007FEFED30000 to 000007FEFEE39000)
Sun Feb 03 14:58:17 2019 UTC - 42: PSAPI.DLL - (0000000077110000 to 0000000077117000)
Sun Feb 03 14:58:17 2019 UTC - 43: steamclient64.dll - (000007FEEA940000 to 000007FEEAA1F000)
Sun Feb 03 14:58:17 2019 UTC - 44: GFSDK_SSAO_D3D11.win64.dll - (000007FEEA830000 to 000007FEEA93F000)
Sun Feb 03 14:58:17 2019 UTC - 45: d3d9.dll - (000007FEF97A0000 to 000007FEF999F000)
Sun Feb 03 14:58:17 2019 UTC - 46: d3d8thk.dll - (000007FEF9790000 to 000007FEF9797000)
Sun Feb 03 14:58:17 2019 UTC - 47: AnselSDK64.dll - (000007FEF6710000 to 000007FEF6731000)
Sun Feb 03 14:58:17 2019 UTC - 48: apphelp.dll - (000007FEFCB10000 to 000007FEFCB67000)
Sun Feb 03 14:58:17 2019 UTC - 49: api-ms-win-core-synch-l1-2-0.DLL - (000007FEFBD90000 to 000007FEFBD93000)
Sun Feb 03 14:58:17 2019 UTC - ----------------------------
Sun Feb 03 14:58:23 2019 UTC - hookCreateDXGIFactory1 called
Sun Feb 03 14:58:23 2019 UTC - Hooking vtable for factory
Sun Feb 03 14:58:23 2019 UTC - DXGIFactory2_CreateSwapChain already hooked via IDXGIFactory or IDXGIFactory1
Sun Feb 03 14:58:23 2019 UTC - hookCreateDXGIFactory1 called
Sun Feb 03 14:58:23 2019 UTC - Hooking vtable for factory
Sun Feb 03 14:58:23 2019 UTC - DXGIFactory2_CreateSwapChain already hooked via IDXGIFactory or IDXGIFactory1
Sun Feb 03 14:58:23 2019 UTC - hookCreateDXGIFactory called
Sun Feb 03 14:58:23 2019 UTC - Hooking vtable for factory
Sun Feb 03 14:58:23 2019 UTC - DXGIFactory_CreateSwapChain already hooked via IDXGIFactory1 or IDXGIFactory2
Sun Feb 03 14:58:23 2019 UTC - DXGIFactory2_CreateSwapChain already hooked via IDXGIFactory or IDXGIFactory1
Sun Feb 03 14:58:23 2019 UTC - hookCreateDXGIFactory1 called
Sun Feb 03 14:58:23 2019 UTC - Hooking vtable for factory
Sun Feb 03 14:58:23 2019 UTC - DXGIFactory2_CreateSwapChain already hooked via IDXGIFactory or IDXGIFactory1
Sun Feb 03 14:58:23 2019 UTC - hookCreateDXGIFactory called
Sun Feb 03 14:58:23 2019 UTC - Hooking vtable for factory
Sun Feb 03 14:58:23 2019 UTC - DXGIFactory_CreateSwapChain already hooked via IDXGIFactory1 or IDXGIFactory2
Sun Feb 03 14:58:23 2019 UTC - DXGIFactory2_CreateSwapChain already hooked via IDXGIFactory or IDXGIFactory1
Sun Feb 03 14:58:23 2019 UTC - IWrapDXGIFactory1::CreateSwapChain called
Sun Feb 03 14:58:23 2019 UTC - Hooking vtable for swap chain
Sun Feb 03 14:58:23 2019 UTC - Trying to detour d3d11 device
Sun Feb 03 14:58:23 2019 UTC - Hooking vtable for device
Sun Feb 03 14:58:23 2019 UTC - Tracking new device: b490e48
Sun Feb 03 14:58:23 2019 UTC - Tracking new swap chain: b76ee70 (with device: b490e48)
Sun Feb 03 14:58:23 2019 UTC - Creating D3D11 renderer
Sun Feb 03 14:58:24 2019 UTC - Releasing all resources for device: 000000000B490E48
Sun Feb 03 14:58:27 2019 UTC - Releasing all resources for device: 000000000B490E48
Sun Feb 03 14:58:27 2019 UTC - DirectInput8Create hook called, 000000000C28EF40
Sun Feb 03 14:58:27 2019 UTC - DirectInput::CreateDevice() mouse instance just created...
Sun Feb 03 14:58:27 2019 UTC - DirectInput::CreateDevice() keyboard instance just created...
Sun Feb 03 14:58:27 2019 UTC - DInput:KB NONEXCLUSIVE
Sun Feb 03 14:58:27 2019 UTC - DInput:KB FOREGROUND
Sun Feb 03 14:58:27 2019 UTC - Initializing Audio...
Sun Feb 03 14:58:27 2019 UTC - Trying to setup input hook...
Sun Feb 03 14:58:27 2019 UTC - Set input hook...
Sun Feb 03 14:58:27 2019 UTC - IAudioClient_Initialize - SUCCEEDED
Sun Feb 03 14:58:27 2019 UTC - Audio client initialized: 0x000000003BE8DEF0
Sun Feb 03 14:58:27 2019 UTC - Device:
Sun Feb 03 14:58:27 2019 UTC - Audio client mix format:
Sun Feb 03 14:58:27 2019 UTC - 	format: 65534
Sun Feb 03 14:58:27 2019 UTC - 	channels: 2
Sun Feb 03 14:58:27 2019 UTC - 	samples/sec: 44100
Sun Feb 03 14:58:27 2019 UTC - 	bytes/sec: 352800
Sun Feb 03 14:58:27 2019 UTC - 	alignment: 8
Sun Feb 03 14:58:27 2019 UTC - 	bits/sample: 32
Sun Feb 03 14:58:27 2019 UTC - 	channel mask: 0x3
Sun Feb 03 14:58:27 2019 UTC - 	data format: {00000003-0000-0010-8000-00AA00389B71}
Sun Feb 03 14:58:27 2019 UTC - Audio hooked
Sun Feb 03 14:58:27 2019 UTC - Audio client started: 0x000000003BE8DEF0, 1
Sun Feb 03 14:59:09 2019 UTC - Disabling overlay for 2 seconds (42 seconds since last frame from ui process was seen)
Sun Feb 03 14:59:11 2019 UTC - Disabling overlay for 2 seconds (44 seconds since last frame from ui process was seen)
Sun Feb 03 14:59:13 2019 UTC - Disabling overlay for 2 seconds (46 seconds since last frame from ui process was seen)
